Mm, Hhd, Hhd, Gd, Gd, Gd, Gd, Rb, Rb, Rb, Rb, Rb, Gd, Rb, Rb, Rb, Rb^Eqf, Rb, Gll^Feth, Ss, Gd^Fetd, Gd^Fetd, Ds, Ds, Ds, Ds, Rb, Rb, Rb, Rb, Rb, Rb, Hhd, Hhd, Mm, Ww
Mm, Mm, Hhd, Gd, Gd, Gd, Rb, Rb, Rb, Rb, Rb, Rb, Gll^Feth, Gd, Rb, Rb, Rb, Rb^Eqf, Gll^Eqf, Ss, Ss, Ds, Gd, Ds, Rb, Rb, Rb, Ds, Ds, Ds, Rb, Hhd, Hhd, Hhd, Mm, Ww
Mm, Hhd, Rb, Gd, Gll^Feth, Gd, Rb, Rb, Rb, Rb, Rb, Rb, Gd, Gd, Rb, Rb, Rb, Rb^Eqf, Rr^Eqf, Gll, Ss, Ds, Ds, Gd, Gd, Rb, Rb, Ds, Ds, Rb, Chr, Hhd, Hhd, Hhd, Hhd, Hhd
Rb, Rb, Rb, Rb, Rb, Rb, Rb, Rb, Rb, Rb, Rb, Rb, Rb, Gd, Rb, Rb, Rb, Rb, Rb^Eqf, Gll^Eqf, Ss, Ds, Ss, Gd, Rr^Vhc, Gd, Rb, Ds, Ds, Chr, Khs, Chr, Gd, Gd, Gd, Gd
Rb, Rb, Rb, Rb, Rb, Rb, Rb, Rb, Ds, Rb, Rb, Rb, Rb, Rb, Rb, Rb, Rb, Rb, Rb, Rb^Eqf, Gd^Eqf, Ds, Ss, Gd, Gd, Rb, Rb, Rb, Rb, Chr, 2 Khs, Chr, Gd, Gd, Rb, Rb
Tb^Tf, Tb^Tf, Rb, Rb, Rb, Rb, Rb, Ds, Ds, Ds, Rb, Rb, Rb, Rb, Hhd, Hhd, Hhd, Rb, Rb, Rb, Rb^Eqf, Gd^Eqf, Gd, Gd, Rb, Rb, Rp, Rb, Rp, Chr, Chr, Chr, Gd, Rb, Rb, Rb
Tb^Tf, Tb^Tf, Rb, Rb, Rb, Rb, Rb, Ds, Ds, Rb, Ds, Ds, Ds, Rb, Rb, Hhd, Hhd, Rb, Rb^Eqf, Rb^Eqf, Rb, Gd, Rp, Rb, Rp, Rp, Rr^Vhc, Rp, Gd, Gd, Gd, Gd, Gd, Gd, Rb^Eqf, Ww
Rb, Rb, Rb, Rb, Rb, Rb, Rb, Ds, Ds, Ds, Ds, Ds, Ds, Ds, Ds, Rb, Rr^Vhc, Rb, Rb^Eqf, Rb^Eqf, Rb, Gd, Rp, Rp, Gd, Gd, Gd, Gd, Gd^Eqf, Hhd^Eqf, Hhd^Eqf, Gd^Eqf, Hhd^Eqf, Gd^Eqf, Hhd, Rb
Rb, Rb, Rb, Rb, Rb, Rb, Gll^Feth, Rb, Rb, Ds, Ds, Ds, Ds, Ds, Ds, Rb, Rb^Eqf, Rb^Eqf, Rb, Rb, Rb, Rb, Rp, Rp, Gd, Gd, Gd^Eqf, Gd^Eqf, Hhd, Hhd, Mm, Hhd, Hhd, Hhd, Rb, Tb^Tf
Rb, Rb, Rb, Rb, Rb, Rb, Rb, Gll^Feth, Rb, Ds, Ds, Ds, Ds, Ds, Ds, Gll, Ds^Eqf, Rb^Eqf, Rb, Rb, Rb, Rb, Rp, Gd, Rr^Vhc, Gd^Eqf, Gd^Eqf, Hhd, Mm, Mm, Mm, Mm, Mm, Hhd, Rb, Rb
Rb, Rb, Rb, Rb, Rb, Rb, Rb, Rb, Rb, Ds, Ds, Ds, Ds, Ds, Ds, Gll, Gll, Rb^Eqf, Rb^Eqf, Rb, Rp, Rp, Gd, Gd, Gd^Eqf, Gd^Eqf, Hhd, Mm, Mm, Mm, Mm, Mm, Hhd, Hhd, Rb, Rb
Rb, Rb, Rb, Rb, Rb, Rb, Rb, Rb, Rb, Ds, Rb, Rb, Ds, Rb, Rb, Rb, Rb, Rb^Eqf, Rb^Eqf, Rp, Gd, Gd, Gd, Gd^Eqf, Gd^Eqf, Hhd, Hhd, Mm, Mm, Mm, Mm, Mm, Hhd, Hhd, Rb, Rb
Rb, Rb, Rb, Rb, Gll^Feth, Rb, Rb, Rb, Rb, Ds, Rb, Rb, Gll^Feth, Gll^Feth, Gd, Rb, Gll^Feth, Rb^Eqf, Rr^Pr\o, Rp, Gd, Gd, Gd, Gd, Gd^Eqf, Gd^Eqf, Hhd, Hhd, Hhd, Hhd, Hhd, Hhd, Rr^Vhc, Rb, Rb, Rb
Rb, Rb, Rb, Rb, Rb, Rb, Rb, Rb, Rb, Rb, Rb, Rb, Gd^Fetd, Rb, Gll^Feth, Gll^Feth, Gd^Fetd, Gll, Rp, Rr^Pr\o, Rr^Pr\o, Gd, Gd^Eqf, Gd^Eqf, Gll, Gd, Gd, Hhd, Hhd, Hhd, Hhd, Rb, Rb, Rb, Rb, Hh
Ds, Rb, Rb, Rb, Rb, Rb, Rb, Rb, Rb, Rb, Rb, Gll^Feth, Gll^Feth, Rb, Rb, Gd^Fetd, Gd, Gd, Rp, Ds, Rp, Gll^Eqf, Gll, Gll, Gd, Gll, Gll, Gd, Gll, Rb, Rb, Rb, Rb, Rb, Rb, Rb
Ds, Rb, Rb, Rb, Rb, Rb, Rb, Rb, Rb, Rb, Rb, Hhd, Gd, Gll^Feth, Rb, Rb, Gd, Gd, Gd, Rp, Ds, Ds, Ds, Gd, Ds, Gd, Gd, Gll, Gll, Gll, Gll, Gd, Gd, Gd, Gd, Rb
Rb, Rb, Rb, Rb, Rb, Rb, Rb, Rb, Rb, Rb, Rb, Rb, Rb, Gd^Fetd, Gll^Feth, Gd, Gd, Gd, Rp, Rp, Gd^Fetd, Ds, Gd^Fetd, Ds, Ds, Gd^Fetd, Gd, Gd^Fetd, Gd^Fetd, Gd^Fetd, Gd^Fetd, Gll, Gll, Gd, Gll, Gd
Rb, Rb, Rb, Rb, Rb, Rb, Rb, Rb, Rb, Rb, Gd^Fetd, Rb, Rb, Rb, Gd, Gd, Gd, Gd, Rp, Rb, Rr^Vhc, Gd, Ds, Ds, Ds, Ds, Ss, Gd^Fetd, Rr^Vhc, Gd, Gd^Fetd, Gd^Fetd, Gd^Fetd, Gll, Gd^Fetd, Rr
Gll^Feth, Rb, Rb, Rb, Rb, Rb, Rb, Rb, Gll^Feth, Gll^Feth, Gd, Gd, Ds, Gd, Rb, Rb, Gd, Gd, Rp, Gd^Fetd, Gd^Fetd, Gd^Fetd, Gd, Ds, Ds, Ds, Ss, Gd^Fetd, Gd^Fetd, Rb, Rb, Gd^Fetd, Rr^Vhc, Gd^Fetd, Gd^Fetd, Gd^Fetd
Rb, Gll^Feth, Gll^Feth, Rb, Rb, Ds, Rb, Rb, Gll^Feth, Gd, Gd, Rb, Ds, Ds, Ds, Rb, Rp, Rp, Rb, Gd^Fetd, Gd, Gd, Gd, Gd^Fetd, Ds, Ss, Ss, Gll, Gd^Fetd, Rb, Rb, Gd^Fetd, Gd^Fetd, Gd, Gd^Fetd, Gd^Fetd
Rb, Rb, Gd, Rb, Rb, Rb, Rb, Rb, Gll^Feth, Gd, Gd, Rb, Ds, Ds, Ds, Rp, Rb, Gd^Fetd, Gd^Fetd, Gd^Fetd, Gd, Gd, Gd, Gd^Fetd, Ss, Ss, Rb, Gd^Fetd, Gd^Fetd, Rb, Gd^Fetd, Gd^Fetd, Gd^Fetd, Gd^Fetd, Gd^Fetd, Gd^Fetd
Rb, Rb, Gd, Gll^Feth, Rb, Rb, Rb, Rb, Gd, Gd, Rb, Rb, Ds, Ds, Ds, Rp, Rb, Gd, Gd, Gd, Gd^Fetd, Gd^Fetd, Gd^Fetd, Gd^Fetd, Ss, Ss, Rb, Gll, Gd^Fetd, Gd^Fetd, Hhd, Hhd, Hhd, Hhd, Gd^Fetd, Gd^Fetd
Rb, Rb, Gll^Feth, Rb, Rb, Rb, Rb, Rb, Gd, Rb, Rb, Rb, Ds, Ds, Rb, Rp, Gd^Fetd, Gd^Fetd, Rr, Rr, Rr, Rr, Rr, Gd^Fetd, Gd^Fetd, Rb, Rb, Gd^Fetd, Gll, Rb, Hhd, Hhd, Hhd, Hhd, Hhd, Gg
Gll^Feth, Gll, Rb, Gd^Fetd, Rb, Rb, Rb, Rb, Gd, Rb, Rb, Rb, Ds, Ds, Rp, Rp, Rr, Rr, Rr, Rr, Rr, Rr, Rr, Rr, Rr, Rb, Rr, Gd^Fetd, Gd^Fetd, Rb, Hhd, Hhd, Hhd, Hhd, Hhd, Gg
Rb, Gll^Feth, Rb, Gd^Fetd, Gd^Fetd, Gll^Feth, Rb, Gd, Rb, Rb, Rb, Rb, Rr, Rr, Rr, Rr, Rr, Rr, Rb, Rb, Hd, Gd^Fetd, Gd^Fetd, Rr, Rr, Rr, Rr, Rr, Gd^Fetd, Gd^Fetd, Rb, Hhd, Hhd, Mm, Mm, Hhd
Rb, Rb, Gd, Gd^Fetd, Gd, Gll, Gll^Feth, Gd, Hhd, Hhd, Rr, Rr, Rr, Rr, Gd^Fetd, Rr, Rb, Rb, Hd, Hd, Hd, Gd^Fetd, Gd, Gd, Gd^Fetd, Rr^Vhc, Rr, Rr, Rr, Rb, Gd, Hhd, Mm, Mm, Mm, Hhd
Rb, Gll^Feth, Gd, Ch, Ch, Ch, Gll, Gd, Rr, Rr, Rr, Rr, Gd, Gd^Fetd, Gd^Fetd, Gd^Fetd, Gd^Fetd, Rb, Hd, Mm, Hd, Hd, Gd^Fetd, Rb, Rb, Gd^Fetd, Gd^Fetd, Rr, Rr, Rb, Rb, Hhd, Mm, Mm, Mm, Mm
Rr, Gll, Rb, Ch, 1 Kh, Ch, Rr, Rr, Rr, Rr, Gd, Gd, Gd, Gd, Gd, Gd^Fetd, Gd^Fetd, Hd, Hd, Mm, Mm, Mm, Hhd, Sm, Rb, Gd, Gd^Fetd, Rr, Rr, Rr, Rr, Ds, Mm, Mm, Mm, Gd
Rr, Gll^Feth, Rb, Rb, Ch, Rr, Rr, Rr, Gd^Fetd, Gd, Gd, Gd, Gd, Gd, Gd^Fetd, Gd, Hd, Hd, Mm, Mm, Mm, Mm, Hhd, Sm, Sm, Rb, Gd, Gd, Gd^Fetd, Rr, Rr, Rb, Hhd, Mm, Gd, Gd
Gd^Fetd, Rr, Rr, Rr, Rr, Rr, Rr, Gd, Gd, Gd, Rr, Gd, Gd, Gd, Gd, Gd, Gd, Mm, Mm, Mm, Mm, Sm, Sm, Sm, Sm, Sm, Gd^Fetd, Gd, Gd^Fetd, Rr, Rr, Rb, Rb, Gd, Rr^Vhc, Gd
Gd, Gd, Gd, Rr^Vhc, Gd, Gd, Ds, Rr, Rr, Rr, Rr^Yg, Rr, Rr, Gd, Gd, Gd, Hd, Mm, Mm, Mm, Sm, Sm, Sm, Sm, Sm, Sm, Sm, Gd^Fetd, Gd^Fetd, Rr, Rr, Rr, Rb, Gd, Gd, Gd
Gd, Gd, Gd, Gd, Gd, Ds, Gd, Gd, Rr, Rr^Yg, Rr, Rr^Yg, Rr, Gd, Gd, Gd, Hd, Hd, Mm, Mm, Mm, Mm, Sm, Sm, Sm, Sm, Gd^Fetd, Sm, Gd, Gd^Fetd, Rr, Rr, Rb, Rb, Rb, Gd
Gd, Gd, Gd, Gd, Gd, Gd, Gd, Gd, Gd, Rr, Ds, Rr, Gd, Gd, Gs^Edp, Gs^Edp, Gs^Edp, Hd, Hd, Mm, Mm, Hhd, Hhd, Hhd, Sm, Rb, Rb, Sm, Gd^Fetd, Gd, Rr, Rr, Hhd, Hhd, Rb, Rb
